// Jest Snapshot v1, https://goo.gl/fbAQLP

exports[`Header should match the latest snapshot 1`] = `
<div
  data-stylename="header"
  id="thread-header"
>
  <div
    data-stylename="backButton"
  >
    <Icon
      data-stylename="arrow-down"
      name="ArrowDown"
    />
  </div>
  <div
    data-stylename="header-text"
  >
    one, two, three
  </div>
  <CloseMessages
    data-stylename="closeMessages"
  />
</div>
`;
