// Jest Snapshot v1, https://goo.gl/fbAQLP

exports[`PasswordSettingsTab renders correctly 1`] = `
<div>
  <div
    className="title title hdr-display"
  >
    Update Password
  </div>
  <SettingsControl
    label="New Password"
    onChange={[Function]}
    type="password"
  />
  <SettingsControl
    label="Confirm"
    onChange={[Function]}
    type="password"
  />
  <div
    className="help bdy-lt-sm"
  >
    Passwords must be at least 9 characters long, and should be a mix of lower and upper case letters, numbers and symbols.
  </div>
  <div
    className="button-row"
  >
    <Button
      className="save-button"
      color="gray"
      label="Save Changes"
      onClick={null}
    />
  </div>
</div>
`;
