// Jest Snapshot v1, https://goo.gl/fbAQLP

exports[`UserSettings renders correctly 1`] = `
<withRouter(Connect(FullPageModal))
  content={
    Array [
      Object {
        "component": <AccountSettings />,
        "name": "Account",
        "path": "/settings",
      },
      Object {
        "component": <CommunitySettings />,
        "name": "Communities",
        "path": "/settings/communities",
      },
      Object {
        "component": <NotificationSettings />,
        "name": "Notifications",
        "path": "/settings/notifications",
      },
    ]
  }
/>
`;
