// Jest Snapshot v1, https://goo.gl/fbAQLP

exports[`Privacy renders correctly 1`] = `
<div
  className="flex-wrapper"
>
  <ModalSidebar
    body="All good things start somewhere! Let's kick things off with a catchy name for your community."
    header="Great, let's get started"
    onClick={[MockFunction]}
    theme={
      Object {
        "sidebarHeader": "sidebar-header-full-page",
        "sidebarText": "gray-text sidebar-text-full-page",
      }
    }
  />
  <div
    className="panel"
  >
    <div>
      <span
        className="step-count"
      >
        STEP 3/4
      </span>
    </div>
    <div
      className="center"
    >
      <div
        className="logo center"
        style={
          Object {
            "backgroundImage": "url(/logo-white.svg)",
          }
        }
      />
    </div>
    <div
      className="center-vertically privacy-label-row"
    >
      <span
        className="privacy-input-label"
      >
        SET THE PRIVACY LEVEL
      </span>
      <br />
      <span
        className="privacy-label"
      >
        This community is
      </span>
      <Dropdown
        alignRight={true}
        className="privacy-dropdown"
        items={
          Array [
            Object {
              "label": "public",
              "onClick": [Function],
            },
            Object {
              "label": "private",
              "onClick": [Function],
            },
            Object {
              "label": "unlisted",
              "onClick": [Function],
            },
          ]
        }
        toggleChildren={
          <span>
            private
            <Icon
              name="ArrowDown"
            />
          </span>
        }
      />
    </div>
  </div>
  <ModalFooter
    continueText="Continue"
    previous={[MockFunction]}
    submit={[Function]}
  />
</div>
`;
