// Jest Snapshot v1, https://goo.gl/fbAQLP

exports[`matches the last snapshot 1`] = `
<li
  data-styleName="person-list-item active"
>
  Wombat
</li>
`;
