// Jest Snapshot v1, https://goo.gl/fbAQLP

exports[`Signup renders correctly 1`] = `
<div>
  <h1
    className="title title hdr-headline"
  >
    Reset Your Password
  </h1>
  <div
    className="subtitle caption-lt-lg"
  >
    Enter your email address and we'll send you an email that lets you reset your password.
  </div>
  <div
    className="field field"
  >
    <label
      className="field-label field-label caption-drk-lg"
    >
      Your email address
    </label>
    <TextInput
      inputRef={[Function]}
      name="email"
      noClearButton={true}
      onChange={[Function]}
      type="text"
      value=""
    />
  </div>
  <Button
    className="submit submit"
    color="gray"
    label="Reset"
    onClick={null}
  />
</div>
`;
