// Jest Snapshot v1, https://goo.gl/fbAQLP

exports[`renders correctly 1`] = `
<div>
  <div
    className="header"
  >
    <div
      className="title hdr-display"
    >
      Invite People
    </div>
    <div
      className="subtitle caption-lt-lg"
    >
      to 
      Hylo
       on Hylo
    </div>
  </div>
  <div
    className="invite-link-settings"
  >
    <div
      className="invite-link-text"
    >
      <div
        className="help caption-lt-lg"
      >
        Anyone with this link can join the community
      </div>
      <div
        className="invite-link text-button"
      >
        http://www.hylo.com/c/hylo/join/lalala
      </div>
    </div>
    <div
      className="buttons"
    >
      <Button
        className="reset-button button"
        color="green-white-green-border"
        narrow={true}
        onClick={[Function]}
        small={true}
      >
        Reset Link
      </Button>
      <CopyToClipboard
        onCopy={[Function]}
        text="http://www.hylo.com/c/hylo/join/lalala"
      >
        <Button
          className="copy-button button"
          color="green-white-green-border"
          narrow={true}
          small={true}
        >
          Copy Link
        </Button>
      </CopyToClipboard>
    </div>
  </div>
  <div
    className="email-section"
  >
    <TextareaAutosize
      className="invite-msg-input"
      minRows={5}
      onChange={[Function]}
      onHeightChange={[Function]}
      placeholder="Type email addresses"
      useCacheForDOMMeasurements={false}
      value=""
    />
    <TextareaAutosize
      className="invite-msg-input"
      minRows={5}
      onChange={[Function]}
      onHeightChange={[Function]}
      useCacheForDOMMeasurements={false}
      value="Hi!

I'm inviting you to join Hylo community on Hylo.

Hylo is using Hylo for our online community: this is our dedicated space for communication & collaboration."
    />
    <div
      className="send-invite-button"
    >
      <Button
        color="green"
        disabled={true}
        narrow={true}
        onClick={[Function]}
        small={true}
      >
        Send Invite
      </Button>
    </div>
  </div>
  <div
    className="pending-invites-section"
  >
    <div
      className="pending-invites-header"
    >
      <h1
        style={
          Object {
            "flex": 1,
          }
        }
      >
        No 
        Pending Invites
      </h1>
    </div>
    <div
      className="pending-invites-list"
    >
      <CSSTransitionGroup
        transitionAppear={false}
        transitionEnter={true}
        transitionEnterTimeout={400}
        transitionLeave={true}
        transitionLeaveTimeout={500}
        transitionName={
          Object {
            "enter": undefined,
            "enterActive": undefined,
            "leave": undefined,
            "leaveActive": undefined,
          }
        }
      />
    </div>
  </div>
</div>
`;
