// Jest Snapshot v1, https://goo.gl/fbAQLP

exports[`PostDetail renders correctly 1`] = `
<ResizeDetector
  handleHeight={false}
  handleWidth={true}
  nodeType="div"
  onResize={[Function]}
  querySelector={null}
  refreshRate={1000}
  skipOnMount={false}
  targetDomEl={null}
  targetRef={null}
>
  <Component />
</ResizeDetector>
`;
