// Jest Snapshot v1, https://goo.gl/fbAQLP

exports[`mapStateToProps returns the right keys 1`] = `
Object {
  "currentUser": undefined,
  "id": undefined,
  "isProjectMember": undefined,
  "networkSlug": undefined,
  "pending": undefined,
  "personId": undefined,
  "post": null,
  "postTypeContext": undefined,
  "slug": undefined,
}
`;
