// Jest Snapshot v1, https://goo.gl/fbAQLP

exports[`getCanModerate returns expected values 1`] = `undefined`;
