// Jest Snapshot v1, https://goo.gl/fbAQLP

exports[`AddSkills.store should match latest snapshot 1`] = `undefined`;
