// Jest Snapshot v1, https://goo.gl/fbAQLP

exports[`Domain store should call fetchCommunityExists 1`] = `
Object {
  "graphql": Object {
    "query": "
        query ($slug: String) {
          communityExists (slug: $slug) {
            data
          }
        }
      ",
    "variables": Object {
      "slug": "slug",
    },
  },
  "type": "CREATE_COMMUNITY_FETCH_COMMUNITY_EXISTS",
}
`;
