// Jest Snapshot v1, https://goo.gl/fbAQLP

exports[`Header should match the latest snapshot 1`] = `
<div
  className="header"
  id="thread-header"
>
  <div
    className="header-text bdy-drk-lg"
  >
    one, two, three
  </div>
  <CloseMessages />
</div>
`;
