// Jest Snapshot v1, https://goo.gl/fbAQLP

exports[`matches the last snapshot 1`] = `
Object {
  "graphql": Object {
    "query": "All the lonely people / Where do they all come from?",
    "variables": Object {
      "autocomplete": "Tchaikovs",
      "communityIds": Array [],
      "first": 100,
    },
  },
  "meta": Object {
    "extractModel": "Community",
    "extractQueryResults": Object {
      "getItems": [Function],
    },
  },
  "type": "FETCH_PEOPLE",
}
`;
