// Jest Snapshot v1, https://goo.gl/fbAQLP

exports[`renders an error when an error is thrown 1`] = `
<ErrorBoundary
  message="An Error Message"
>
  <div
    className="container"
  >
    <div
      className="speech-bubble"
    >
      <div
        className="arrow"
      />
      <span>
        An Error Message
      </span>
    </div>
    <div
      className="axolotl"
    />
  </div>
</ErrorBoundary>
`;

exports[`renders children correctly 1`] = `
<ErrorBoundary
  message="An Error Message"
>
  <FailingChild>
    <div>
      A Child
    </div>
  </FailingChild>
</ErrorBoundary>
`;
